texmf_scripts='
tetex/fmtutil.sh
tetex/texconfig.sh
tetex/texconfig-dialog.sh
tetex/texconfig-sys.sh
tetex/texlinks.sh
tetex/fmtutil-sys.sh
texlive/rungs.tlu
texlive/tlmgr.pl
'
texmf_dist_scripts='
bibexport/bibexport.sh
installfont/installfont-tl
jfontmaps/updmap-setup-kanji-sys.sh
latexfileversion/latexfileversion
listbib/listbib
listings-ext/listings-ext.sh
lua2dox/lua2dox_lua
pdfjam/pdf180
pdfjam/pdf270
pdfjam/pdf90
pdfjam/pdfbook
pdfjam/pdfflip
pdfjam/pdfjam
pdfjam/pdfjam-pocketmod
pdfjam/pdfjam-slides3up
pdfjam/pdfjam-slides6up
pdfjam/pdfjoin
pdfjam/pdfnup
pdfjam/pdfpun
pst-pdf/ps4pdf
simpdftex/simpdftex
tetex/allcm.sh
tetex/allneeded.sh
tetex/dvi2fax.sh
tetex/dvired.sh
tetex/fontinst.sh
tetex/kpsetool.sh
tetex/kpsewhere.sh
tetex/ps2frag.sh
tetex/pslatex.sh
tetex/rubibtex.sh
tetex/rumakeindex.sh
typeoutfileinfo/typeoutfileinfo.sh
a2ping/a2ping.pl
accfonts/mkt1font
accfonts/vpl2ovp
accfonts/vpl2vpl
authorindex/authorindex
bundledoc/arlatex
bundledoc/bundledoc
cachepic/cachepic.tlu
checkcites/checkcites.lua
context/perl/mptopdf.pl
ctanify/ctanify
ctanupload/ctanupload.pl
de-macro/de-macro
dosepsbin/dosepsbin.pl
dviasm/dviasm.py
ebong/ebong.py
epspdf/epspdf.rb
epspdf/epspdftk.tcl
epstopdf/epstopdf.pl
exceltex/exceltex
fig4latex/fig4latex
findhyph/findhyph
fontools/afm2afm
fontools/autoinst
fontools/ot2kpx
fragmaster/fragmaster.pl
glossaries/makeglossaries
jfontmaps/updmap-setup-kanji.pl
latex2man/latex2man
latexdiff/latexdiff.pl
latexdiff/latexdiff-vc.pl
latexdiff/latexrevise.pl
latexmk/latexmk.pl
latexpand/latexpand
luaotfload/mkluatexfontdb.lua
match_parens/match_parens
mathspic/mathspic.pl
mf2pt1/mf2pt1.pl
mkjobtexmf/mkjobtexmf.pl
mkgrkindex/mkgrkindex
musixtex/musixflx.lua
musixtex/musixtex.lua
oberdiek/pdfatfi.pl
pax/pdfannotextractor.pl
pdfcrop/pdfcrop.pl
pedigree-perl/pedigree.pl
perltex/perltex.pl
pkfix/pkfix.pl
pkfix-helper/pkfix-helper
pst2pdf/pst2pdf
purifyeps/purifyeps
splitindex/perl/splitindex.pl
sty2dtx/sty2dtx.pl
svn-multi/svn-multi.pl
tetex/e2pall.pl
tetex/texdoctk.pl
tetex/updmap.pl
tetex/updmap-sys.sh
texdoc/texdoc.tlu
texcount/texcount.pl
texdef/texdef.pl
texdiff/texdiff
texdirflatten/texdirflatten
texliveonfly/texliveonfly.py
texloganalyser/texloganalyser
thumbpdf/thumbpdf.pl
ulqda/ulqda.pl
uptex/convbkmk.rb
urlbst/urlbst
vpe/vpe.pl
context/lua/mtxrun.lua
context/shell/context.sh
'
