texmf_scripts='
simpdftex/simpdftex
a2ping/a2ping.pl
tetex/e2pall.pl
tetex/texdoctk.pl
texdoc/texdoc.tlu
texlive/rungs.tlu
texlive/tlmgr.pl
'
texmf_dist_scripts='
bibexport/bibexport.sh
installfont/installfont-tl
latexfileversion/latexfileversion
listings-ext/listings-ext.sh
pdfjam/pdf180
pdfjam/pdf270
pdfjam/pdf90
pdfjam/pdfbook
pdfjam/pdfflip
pdfjam/pdfjam
pdfjam/pdfjam-pocketmod
pdfjam/pdfjam-slides3up
pdfjam/pdfjam-slides6up
pdfjam/pdfjoin
pdfjam/pdfnup
pdfjam/pdfpun
pst-pdf/ps4pdf
typeoutfileinfo/typeoutfileinfo.sh
accfonts/mkt1font
accfonts/vpl2ovp
accfonts/vpl2vpl
authorindex/authorindex
bundledoc/arlatex
bundledoc/bundledoc
cachepic/cachepic.tlu
checkcites/checkcites.lua
context/perl/mptopdf.pl
ctanify/ctanify
ctanupload/ctanupload.pl
de-macro/de-macro
dosepsbin/dosepsbin.pl
dviasm/dviasm.py
ebong/ebong.py
epspdf/epspdf.rb
epspdf/epspdftk.tcl
epstopdf/epstopdf.pl
exceltex/exceltex
fig4latex/fig4latex
findhyph/findhyph
fontools/afm2afm
fontools/autoinst
fontools/cmap2enc
fontools/font2afm
fontools/ot2kpx
fontools/pfm2kpx
fontools/showglyphs
fragmaster/fragmaster.pl
glossaries/makeglossaries
jfontmaps/updmap-setup-kanji.pl
latex2man/latex2man
latexdiff/latexdiff.pl
latexdiff/latexdiff-vc.pl
latexdiff/latexrevise.pl
latexmk/latexmk.pl
luaotfload/mkluatexfontdb.lua
match_parens/match_parens
mathspic/mathspic.pl
mf2pt1/mf2pt1.pl
mkjobtexmf/mkjobtexmf.pl
mkgrkindex/mkgrkindex
musixtex/musixflx.lua
musixtex/musixtex.lua
oberdiek/pdfatfi.pl
pax/pdfannotextractor.pl
pdfcrop/pdfcrop.pl
pedigree-perl/pedigree.pl
perltex/perltex.pl
pkfix/pkfix.pl
pkfix-helper/pkfix-helper
pst2pdf/pst2pdf
purifyeps/purifyeps
splitindex/perl/splitindex.pl
sty2dtx/sty2dtx.pl
svn-multi/svn-multi.pl
texcount/texcount.pl
texdef/texdef.pl
texdiff/texdiff
texdirflatten/texdirflatten
texliveonfly/texliveonfly.py
texloganalyser/texloganalyser
thumbpdf/thumbpdf.pl
ulqda/ulqda.pl
urlbst/urlbst
vpe/vpe.pl
'
